# SCov

## Metadata

Date: Mon Jan  2 15:04:05 UTC 2006


## Coverage Summary

|        | Hits   | Total  | Coverage |
| :----- | :----: | :----: | :------: |
| Lines: | 9 | 10 | 90.0% |
| Functions: | 1 | 1 | 100.0% |


## By File

| Filename | Line Coverage | Function Coverage |
| :------- | :-----------: | :---------------: |
| example.c | 9/10 (90.0%) | 1/1 (100.0%) |


## By Function

| Function | Hits |
| :------- | :--: |
| main | 1 |


***
Generated by [SCov](https://gitlab.com/stone.code/scov).

