 Lines	 Funcs	Branch	Region
------	------	------	------
  90.0%	100.0%	 50.0%	   --%	example.c
------	------	------	------
 90.0%	100.0%	 50.0%	   --%	Overall
