 Lines	 Funcs
------	------
 90.0%	100.0%	example.c
------	------
 90.0%	100.0%	Overall
