  Line coverage: [##################  ]  90.0%  (9/10)
  Func coverage: [####################] 100.0%  (1/1)
Branch coverage:  No data
Region coverage:  No data
