  Line coverage: [##################  ]  90.0%  (9/10)
  Func coverage: [####################] 100.0%  (1/1)
Branch coverage: [##########          ]  50.0%  (2/4)
Region coverage:  No data
